INFO:__main__:applying 142_pair_observation_attempts.sql
INFO:__main__:applying 143_candidate_outcome_arrival_and_identity.sql
INFO:__main__:applying 144_calibration_only_valuations.sql
INFO:__main__:applying 145_reconciliation_reports_and_settlement_corrections.sql
INFO:__main__:applying 146_funded_owner_authorization_audit.sql
INFO:__main__:applying 148_xavier_decisions.sql
INFO:__main__:applying 149_xavier_reviews.sql
INFO:__main__:applying 150_refused_hedge_claims_resolve_on_evidence.sql
INFO:__main__:applying 151_pair_observation_admission.sql
INFO:__main__:applying 152_agent_core.sql
INFO:__main__:applying 153_derek.sql
INFO:__main__:applying 155_audrey_audit.sql
INFO:__main__:applying 156_audrey_chat.sql
INFO:__main__:applying 157_xavier_standing_protective_orders.sql
INFO:__main__:applying 170_derek_research_observations.sql
INFO:__main__:applying 171_paper_account_and_ledger.sql
INFO:__main__:applying 172_paper_agents.sql
INFO:__main__:applying 180_agent_personas_chat_and_voice.sql
INFO:__main__:applying 181_derek_research_model_runs_decisive_run_per_day.sql
INFO:__main__:migrations complete
